// Jest Snapshot v1, https://goo.gl/fbAQLP

exports[`render component to Match Snapshot 1`] = `
Object {
  "asFragment": [Function],
  "baseElement": <body>
    <div>
      <div>
        <div
          class="main-container"
        >
          <h1
            class="title"
          >
            Let’s do some math!
          </h1>
          <div
            class="calculatorContainer"
          >
            <div
              class="display"
            >
              0
            </div>
            <div
              class="panel-container"
            >
              <div>
                <button
                  class="btn"
                  style="width: 25%;"
                  type="button"
                >
                  <span>
                    AC
                  </span>
                </button>
                <button
                  class="btn"
                  style="width: 25%;"
                  type="button"
                >
                  <span>
                    +/-
                  </span>
                </button>
                <button
                  class="btn"
                  style="width: 25%;"
                  type="button"
                >
                  <span>
                    %
                  </span>
                </button>
                <button
                  class="btn"
                  style="background: orange; width: 25%;"
                  type="button"
                >
                  <span>
                    ÷
                  </span>
                </button>
              </div>
              <div>
                <button
                  class="btn"
                  style="width: 25%;"
                  type="button"
                >
                  <span>
                    7
                  </span>
                </button>
                <button
                  class="btn"
                  style="width: 25%;"
                  type="button"
                >
                  <span>
                    8
                  </span>
                </button>
                <button
                  class="btn"
                  style="width: 25%;"
                  type="button"
                >
                  <span>
                    9
                  </span>
                </button>
                <button
                  class="btn"
                  style="background: orange; width: 25%;"
                  type="button"
                >
                  <span>
                    X
                  </span>
                </button>
              </div>
              <div>
                <button
                  class="btn"
                  style="width: 25%;"
                  type="button"
                >
                  <span>
                    4
                  </span>
                </button>
                <button
                  class="btn"
                  style="width: 25%;"
                  type="button"
                >
                  <span>
                    5
                  </span>
                </button>
                <button
                  class="btn"
                  style="width: 25%;"
                  type="button"
                >
                  <span>
                    6
                  </span>
                </button>
                <button
                  class="btn"
                  style="background: orange; width: 25%;"
                  type="button"
                >
                  <span>
                    -
                  </span>
                </button>
              </div>
              <div>
                <button
                  class="btn"
                  style="width: 25%;"
                  type="button"
                >
                  <span>
                    1
                  </span>
                </button>
                <button
                  class="btn"
                  style="width: 25%;"
                  type="button"
                >
                  <span>
                    2
                  </span>
                </button>
                <button
                  class="btn"
                  style="width: 25%;"
                  type="button"
                >
                  <span>
                    3
                  </span>
                </button>
                <button
                  class="btn"
                  style="background: orange; width: 25%;"
                  type="button"
                >
                  <span>
                    +
                  </span>
                </button>
              </div>
              <div>
                <button
                  class="btn"
                  style="width: 50%;"
                  type="button"
                >
                  <span>
                    0
                  </span>
                </button>
                <button
                  class="btn"
                  style="width: 25%;"
                  type="button"
                >
                  <span>
                    .
                  </span>
                </button>
                <button
                  class="btn"
                  style="background: orange; width: 25%;"
                  type="button"
                >
                  <span>
                    =
                  </span>
                </button>
              </div>
            </div>
          </div>
        </div>
      </div>
    </div>
  </body>,
  "container": <div>
    <div>
      <div
        class="main-container"
      >
        <h1
          class="title"
        >
          Let’s do some math!
        </h1>
        <div
          class="calculatorContainer"
        >
          <div
            class="display"
          >
            0
          </div>
          <div
            class="panel-container"
          >
            <div>
              <button
                class="btn"
                style="width: 25%;"
                type="button"
              >
                <span>
                  AC
                </span>
              </button>
              <button
                class="btn"
                style="width: 25%;"
                type="button"
              >
                <span>
                  +/-
                </span>
              </button>
              <button
                class="btn"
                style="width: 25%;"
                type="button"
              >
                <span>
                  %
                </span>
              </button>
              <button
                class="btn"
                style="background: orange; width: 25%;"
                type="button"
              >
                <span>
                  ÷
                </span>
              </button>
            </div>
            <div>
              <button
                class="btn"
                style="width: 25%;"
                type="button"
              >
                <span>
                  7
                </span>
              </button>
              <button
                class="btn"
                style="width: 25%;"
                type="button"
              >
                <span>
                  8
                </span>
              </button>
              <button
                class="btn"
                style="width: 25%;"
                type="button"
              >
                <span>
                  9
                </span>
              </button>
              <button
                class="btn"
                style="background: orange; width: 25%;"
                type="button"
              >
                <span>
                  X
                </span>
              </button>
            </div>
            <div>
              <button
                class="btn"
                style="width: 25%;"
                type="button"
              >
                <span>
                  4
                </span>
              </button>
              <button
                class="btn"
                style="width: 25%;"
                type="button"
              >
                <span>
                  5
                </span>
              </button>
              <button
                class="btn"
                style="width: 25%;"
                type="button"
              >
                <span>
                  6
                </span>
              </button>
              <button
                class="btn"
                style="background: orange; width: 25%;"
                type="button"
              >
                <span>
                  -
                </span>
              </button>
            </div>
            <div>
              <button
                class="btn"
                style="width: 25%;"
                type="button"
              >
                <span>
                  1
                </span>
              </button>
              <button
                class="btn"
                style="width: 25%;"
                type="button"
              >
                <span>
                  2
                </span>
              </button>
              <button
                class="btn"
                style="width: 25%;"
                type="button"
              >
                <span>
                  3
                </span>
              </button>
              <button
                class="btn"
                style="background: orange; width: 25%;"
                type="button"
              >
                <span>
                  +
                </span>
              </button>
            </div>
            <div>
              <button
                class="btn"
                style="width: 50%;"
                type="button"
              >
                <span>
                  0
                </span>
              </button>
              <button
                class="btn"
                style="width: 25%;"
                type="button"
              >
                <span>
                  .
                </span>
              </button>
              <button
                class="btn"
                style="background: orange; width: 25%;"
                type="button"
              >
                <span>
                  =
                </span>
              </button>
            </div>
          </div>
        </div>
      </div>
    </div>
  </div>,
  "debug": [Function],
  "findAllByAltText": [Function],
  "findAllByDisplayValue": [Function],
  "findAllByLabelText": [Function],
  "findAllByPlaceholderText": [Function],
  "findAllByRole": [Function],
  "findAllByTestId": [Function],
  "findAllByText": [Function],
  "findAllByTitle": [Function],
  "findByAltText": [Function],
  "findByDisplayValue": [Function],
  "findByLabelText": [Function],
  "findByPlaceholderText": [Function],
  "findByRole": [Function],
  "findByTestId": [Function],
  "findByText": [Function],
  "findByTitle": [Function],
  "getAllByAltText": [Function],
  "getAllByDisplayValue": [Function],
  "getAllByLabelText": [Function],
  "getAllByPlaceholderText": [Function],
  "getAllByRole": [Function],
  "getAllByTestId": [Function],
  "getAllByText": [Function],
  "getAllByTitle": [Function],
  "getByAltText": [Function],
  "getByDisplayValue": [Function],
  "getByLabelText": [Function],
  "getByPlaceholderText": [Function],
  "getByRole": [Function],
  "getByTestId": [Function],
  "getByText": [Function],
  "getByTitle": [Function],
  "queryAllByAltText": [Function],
  "queryAllByDisplayValue": [Function],
  "queryAllByLabelText": [Function],
  "queryAllByPlaceholderText": [Function],
  "queryAllByRole": [Function],
  "queryAllByTestId": [Function],
  "queryAllByText": [Function],
  "queryAllByTitle": [Function],
  "queryByAltText": [Function],
  "queryByDisplayValue": [Function],
  "queryByLabelText": [Function],
  "queryByPlaceholderText": [Function],
  "queryByRole": [Function],
  "queryByTestId": [Function],
  "queryByText": [Function],
  "queryByTitle": [Function],
  "rerender": [Function],
  "unmount": [Function],
}
`;
